[m.bild.de/unterhaltung/stars-und-leute/tim-maelzer-spricht-ueber-den-ploetzlichen-tod-seines-papas-er-starb-ohne-erklaerung-66a5edfadfae2b64e0a739ed6b07.html]
[article.bildstatic.de/assets/static/pages.ins3GHsW.css]
[backblue.gif]
[fade.gif]
[index.html]
[cmp2.bild.de/unified/wrapperMessagingWithoutDetection.js]
[www.asadcdn.com/adlib/pages/bild.js]
[article.bildstatic.de/assets/static/android-chrome-192x192.dsA5ov3H.png]
[article.bildstatic.de/assets/static/favicon-16x16.Vh678i4v.png]
[article.bildstatic.de/assets/static/favicon-32x32.9l2AjbPa.png]
[article.bildstatic.de/assets/static/apple-touch-icon-bild-57x57.QWTkZRvu.png]
[article.bildstatic.de/assets/static/apple-touch-icon-bild-60x60.ofso5CIe.png]
[article.bildstatic.de/assets/static/apple-touch-icon-bild-72x72.kfVV3NKS.png]
[article.bildstatic.de/assets/static/apple-touch-icon-bild-76x76.FXiKKqwF.png]
[article.bildstatic.de/assets/static/apple-touch-icon-bild-114x114.uhSCwV3Y.png]
[article.bildstatic.de/assets/static/apple-touch-icon-bild-120x120.obms6ycd.png]
[article.bildstatic.de/assets/static/apple-touch-icon-bild-144x144.kuqBTpjT.png]
[article.bildstatic.de/assets/static/apple-touch-icon-bild-152x152.Bjt_uz2p.png]
[article.bildstatic.de/assets/static/apple-touch-icon-bild-167x167.R7bj32Oz.png]
[article.bildstatic.de/assets/static/apple-touch-icon-bild-180x180.z4xxoVAa.png]
[article.bildstatic.de/assets/static/apple-touch-icon-bild-1024x1024.y0PyRtFg.png]
[script.ioam.de/iam40aa.js]
[rosetta.prod.ps.bild.de/ps-rosetta.js]
[m.bild.de/unterhaltung/stars-und-leute/n(e]
[data-861bbf2127.bild.de/iomm/latest/manager/base/es6/bundle.js]
[data-861bbf2127.bild.de/iomm/latest/bootstrap/loader.js]
[ast.bild.de/bild-bild.de/prod/utag.js]
[acdn.adnxs.com/ast/static/bar.jpg]
[article.bildstatic.de/assets/entries/entry-server-routing.ajJ4xHt6.js]
[article.bildstatic.de/assets/entries/pages.vnRthKYf.js]
[article.bildstatic.de/chunk-DEEE7F8F.js]
[article.bildstatic.de/chunk-Tu19qhyQ.js]
[m.bild.de/unterhaltung/stars-und-leute/tim-maelzer-spricht-ueber-den-ploetzlichen-tod-seines-papas-er-starb-ohne-erklaerung-66a5edfadfae2b64e0a739ed6b07.html]
[article.bildstatic.de/assets/static/8B8182E2BA0464F45.MjeWTLLF.woff2]
[article.bildstatic.de/assets/static/pages.ins3GHsW.css]
[m.bild.de/unterhaltung/stars-und-leute/GET.1e.delayed]
[www.asadcdn.com/adlib/pages/bild.js]
[m.bild.de/unterhaltung/stars-und-leute/n(e.html]
[m.bild.de/unterhaltung/stars-und-leute/(internal/index.html]
[m.bild.de/unterhaltung/stars-und-leute/chunk-DEEE7F8F.1f.delayed]
[m.bild.de/unterhaltung/stars-und-leute/lazy-chunk-IFfp50zr.js]
[m.bild.de/unterhaltung/stars-und-leute/lazy-chunk-7k9Uqf_c.js]
[m.bild.de/unterhaltung/stars-und-leute/chunk-Tu19qhyQ.js]
[article.bildstatic.de/assets/entries/entry-server-routing.ajJ4xHt6.js]
[m.bild.de/unterhaltung/stars-und-leute/e]
[m.bild.de/unterhaltung/stars-und-leute/e.src]
[m.bild.de/unterhaltung/stars-und-leute/.$1Mobile.html]
[m.bild.de/unterhaltung/stars-und-leute/.$1.html]
[m.bild.de/unterhaltung/stars-und-leute/n]
[article.bildstatic.de/assets/static/android-chrome-spobi-192x192.foJ2Jq9T.png]
[article.bildstatic.de/assets/static/favicon-spobi-16x16.cF8TkxRR.png]
[article.bildstatic.de/assets/static/favicon-spobi-32x32.vwXv_4H_.png]
[article.bildstatic.de/assets/static/apple-touch-icon-sportbild-57x57.-AxG_t42.png]
[article.bildstatic.de/assets/static/apple-touch-icon-sportbild-60x60.ILa7MWt7.png]
[article.bildstatic.de/assets/static/apple-touch-icon-sportbild-72x72.F_f7w1vf.png]
[article.bildstatic.de/assets/static/apple-touch-icon-sportbild-76x76.hr7oqalx.png]
[article.bildstatic.de/assets/static/apple-touch-icon-sportbild-114x114.jRQzznwg.png]
[article.bildstatic.de/assets/static/apple-touch-icon-sportbild-120x120.cw-nOAMF.png]
[article.bildstatic.de/assets/static/apple-touch-icon-sportbild-144x144.L-cTvQ-Q.png]
[article.bildstatic.de/assets/static/apple-touch-icon-sportbild-152x152.BziCI1O0.png]
[article.bildstatic.de/assets/static/apple-touch-icon-sportbild-167x167.vaZsCTWr.png]
[article.bildstatic.de/assets/static/apple-touch-icon-sportbild-180x180.6SYS7ADt.png]
[article.bildstatic.de/assets/static/apple-touch-icon-sportbild-1024x1024.gzK6z6mP.png]
[article.bildstatic.de/assets/static/social-fallback.0BNInwXQ.jpg]
[article.bildstatic.de/assets/static/BILD-Logo.UgCebrP5.png]
[article.bildstatic.de/assets/static/SportBILD-Logo.W2tcmt26.png]
[article.bildstatic.de/assets/static/fallback-bild.FyCDIPfs.png]
[article.bildstatic.de/assets/static/fallback-sportbild.Um_ovVDQ.png]
[m.bild.de/lazy-chunk-KLgWqhxu.3c.delayed]
[m.bild.de/unterhaltung/stars-und-leute/ABCDEFGHIJKLMNOPQRSTUVWXYZabcdefghijklmnopqrstuvwxyz0123456789+/index.html]
[m.bild.de/unterhaltung/stars-und-leute/this.fullUrl]
[m.bild.de/unterhaltung/stars-und-leute/this.successUrl]
[m.bild.de/unterhaltung/stars-und-leute/lazy-chunk-o_OdJ-vO.js]
[m.bild.de/unterhaltung/stars-und-leute/lazy-chunk-ByymhJ1A.js]
[m.bild.de/unterhaltung/stars-und-leute/lazy-chunk-mCDgCS4m.js]
[m.bild.de/unterhaltung/stars-und-leute/lazy-chunk-cJNS9fHV.js]
[article.bildstatic.de/assets/entries/pages.vnRthKYf.js]
[article.bildstatic.de/chunk-DEEE7F8F.js]
[article.bildstatic.de/chunk-Tu19qhyQ.js]
[m.bild.de/unterhaltung/stars-und-leute/GET.html]
[m.bild.de/unterhaltung/stars-und-leute/(internal/index.html]
[m.bild.de/unterhaltung/stars-und-leute/chunk-DEEE7F8F.html]
[m.bild.de/unterhaltung/stars-und-leute/lazy-chunk-IFfp50zr.html]
[m.bild.de/unterhaltung/stars-und-leute/lazy-chunk-7k9Uqf_c.html]
[m.bild.de/unterhaltung/stars-und-leute/chunk-Tu19qhyQ.html]
[m.bild.de/unterhaltung/stars-und-leute/e.html]
[m.bild.de/unterhaltung/stars-und-leute/e-2.html]
[m.bild.de/unterhaltung/stars-und-leute/.$1Mobile.html]
[m.bild.de/unterhaltung/stars-und-leute/.$1.html]
[m.bild.de/unterhaltung/stars-und-leute/${t}.html]
[m.bild.de/unterhaltung/stars-und-leute/n.html]
[m.bild.de/unterhaltung/stars-und-leute/ABCDEFGHIJKLMNOPQRSTUVWXYZabcdefghijklmnopqrstuvwxyz0123456789+/index.html]
[m.bild.de/lazy-chunk-KLgWqhxu.html]
[m.bild.de/unterhaltung/stars-und-leute/this.html]
[m.bild.de/unterhaltung/stars-und-leute/this-2.html]
[m.bild.de/unterhaltung/stars-und-leute/lazy-chunk-o_OdJ-vO.html]
[m.bild.de/unterhaltung/stars-und-leute/lazy-chunk-ByymhJ1A.html]
[m.bild.de/unterhaltung/stars-und-leute/lazy-chunk-mCDgCS4m.html]
[m.bild.de/unterhaltung/stars-und-leute/lazy-chunk-cJNS9fHV.html]
